
Memory Configuration

Name             Origin             Length             Attributes
flash            0x00000000         0x00080000         xr
sram             0x40000000         0x00008000         rw
*default*        0x00000000         0xffffffff

Linker script and memory map


.text           0x00000000     0x1484
 *start.o(.text)
 *(.text)
 .text          0x00000000      0x11c crt.o
                0x00000000                _start
 .text          0x0000011c      0x3c4 main.o
                0x00000200                get_button_d
                0x000001ac                get_button_a
                0x000001e4                get_button_c
                0x00000134                gameboard_led_2
                0x00000194                get_nav_buttons
                0x0000021c                main
                0x000001c8                get_button_b
                0x0000011c                gameboard_led_init
                0x00000164                gameboard_led_1
 .text          0x000004e0      0x41c video.o
                0x00000640                video_stop
                0x00000814                fiq_handler
                0x000004e0                video_init
 .text          0x000008fc      0x17c audio.o
                0x000008fc                audio_init
                0x00000944                audio_fill_buf
                0x00000914                synth_voice
 .text          0x00000a78      0x2ec system.o
                0x00000d34                UNDEF_Routine
                0x00000aa4                led_card_init
                0x00000b00                led_card
                0x00000d30                SWI_Routine
                0x00000d2c                FIQ_Routine
                0x00000bfc                get_char
                0x00000a78                led_board_init
                0x00000b30                delay_ms
                0x00000b9c                delay_ticks
                0x00000c18                feed
                0x00000d28                IRQ_Routine
                0x00000d08                enableIRQ
                0x00000ad0                led_board
                0x00000d18                disableIRQ
                0x00000c34                Initialize
 .text          0x00000d64      0x720 graphics.o
                0x00000dbc                fill_screen
                0x00000fdc                put_char_arial24
                0x00000e50                draw_square
                0x00000ea4                rgb
                0x0000124c                line
                0x00001338                circle
                0x000011bc                put_char_small
                0x00000d64                put_pixel
                0x000010cc                put_char_arial16
                0x00000db8                get_pixel
                0x00000e0c                invert_screen
                0x00000eec                put_char_arial32
 *(.glue_7t)
 *(.glue_7)
                0x00001484                . = ALIGN (0x4)

.rodata         0x00001484     0x2f0e
 *(.rodata)
 .rodata        0x00001484       0x20 main.o
 .rodata        0x000014a4      0x200 audio.o
                0x000014a4                triTable
                0x000015a4                sineTable
 .rodata        0x000016a4     0x2cee graphics.o
                0x0000238e                arial24Width
                0x00004152                arial32Width
                0x00002a96                arial32
                0x00002a36                arial16Width
                0x000041b2                characters
                0x00004092                arial32Offset
                0x00002976                arial16Offset
                0x000022ce                arial24Offset
                0x000023ee                arial16
                0x000016a4                arial24
                0x00004394                . = ALIGN (0x4)
                0x00004394                _etext = .
                0x00004394                PROVIDE (etext, .)

.data           0x40000000       0x18 load address 0x00004394
                0x40000000                _data = .
 *(.data)
 .data          0x40000000        0x8 video.o
                0x40000004                syncOn
                0x40000000                syncOff
 .data          0x40000008       0x10 audio.o
                0x40000018                . = ALIGN (0x4)
                0x40000018                _edata = .
                0x40000018                PROVIDE (edata, .)

.bss            0x40000018     0x583c
                0x40000018                _bss = .
 *(.bss)
 .bss           0x40000018     0x5818 video.o
                0x40000830                imageArray
                0x40000024                soundBufW
                0x40000030                soundBuf
                0x40000020                newLine
                0x4000001c                lineCount
                0x40000018                imageVindex
                0x40000028                soundBufR
 .bss           0x40005830       0x24 audio.o
                0x40005850                sample
 *(COMMON)
                0x40005854                . = ALIGN (0x4)
                0x40005854                _ebss = .
                0x40005854                _end = .
                0x40005854                PROVIDE (end, .)

.stab
 *(.stab)

.stabstr
 *(.stabstr)

.stab.excl
 *(.stab.excl)

.stab.exclstr
 *(.stab.exclstr)

.stab.index
 *(.stab.index)

.stab.indexstr
 *(.stab.indexstr)

.comment        0x00000000       0x5a
 *(.comment)
 .comment       0x00000000       0x12 main.o
 .comment       0x00000012       0x12 video.o
 .comment       0x00000024       0x12 audio.o
 .comment       0x00000036       0x12 system.o
 .comment       0x00000048       0x12 graphics.o

.debug
 *(.debug)

.line
 *(.line)

.debug_srcinfo
 *(.debug_srcinfo)

.debug_sfnames
 *(.debug_sfnames)

.debug_aranges  0x00000000       0xa0
 *(.debug_aranges)
 .debug_aranges
                0x00000000       0x20 main.o
 .debug_aranges
                0x00000020       0x20 video.o
 .debug_aranges
                0x00000040       0x20 audio.o
 .debug_aranges
                0x00000060       0x20 system.o
 .debug_aranges
                0x00000080       0x20 graphics.o

.debug_pubnames
                0x00000000      0x432
 *(.debug_pubnames)
 .debug_pubnames
                0x00000000       0xb2 main.o
 .debug_pubnames
                0x000000b2       0xb9 video.o
 .debug_pubnames
                0x0000016b       0x6a audio.o
 .debug_pubnames
                0x000001d5       0xf3 system.o
 .debug_pubnames
                0x000002c8      0x16a graphics.o

.debug_info     0x00000000      0xe11
 *(.debug_info .gnu.linkonce.wi.*)
 .debug_info    0x00000000      0x1e0 main.o
 .debug_info    0x000001e0      0x160 video.o
 .debug_info    0x00000340      0x1a7 audio.o
 .debug_info    0x000004e7      0x2aa system.o
 .debug_info    0x00000791      0x680 graphics.o

.debug_abbrev   0x00000000      0x455
 *(.debug_abbrev)
 .debug_abbrev  0x00000000       0xd6 main.o
 .debug_abbrev  0x000000d6       0x8d video.o
 .debug_abbrev  0x00000163       0xc7 audio.o
 .debug_abbrev  0x0000022a      0x12f system.o
 .debug_abbrev  0x00000359       0xfc graphics.o

.debug_line     0x00000000      0x45f
 *(.debug_line)
 .debug_line    0x00000000       0xd5 main.o
 .debug_line    0x000000d5       0xed video.o
 .debug_line    0x000001c2       0x76 audio.o
 .debug_line    0x00000238       0xbb system.o
 .debug_line    0x000002f3      0x16c graphics.o

.debug_frame    0x00000000      0x478
 *(.debug_frame)
 .debug_frame   0x00000000       0xbc main.o
 .debug_frame   0x000000bc       0x8c video.o
 .debug_frame   0x00000148       0x58 audio.o
 .debug_frame   0x000001a0      0x130 system.o
 .debug_frame   0x000002d0      0x1a8 graphics.o

.debug_str      0x00000000      0x45c
 *(.debug_str)
 .debug_str     0x00000000      0x137 main.o
                                0x144 (size before relaxing)
 .debug_str     0x00000137       0x8a video.o
                                0x109 (size before relaxing)
 .debug_str     0x000001c1       0x77 audio.o
                                0x10f (size before relaxing)
 .debug_str     0x00000238       0xe9 system.o
                                0x169 (size before relaxing)
 .debug_str     0x00000321      0x13b graphics.o
                                0x1e7 (size before relaxing)

.debug_loc
 *(.debug_loc)

.debug_macinfo
 *(.debug_macinfo)

.debug_weaknames
 *(.debug_weaknames)

.debug_funcnames
 *(.debug_funcnames)

.debug_typenames
 *(.debug_typenames)

.debug_varnames
 *(.debug_varnames)
LOAD crt.o
LOAD main.o
LOAD video.o
LOAD audio.o
LOAD system.o
LOAD graphics.o
OUTPUT(main.out elf32-littlearm)
