
Memory Configuration

Name             Origin             Length             Attributes
flash            0x00000000         0x00080000         xr
sram             0x40000000         0x00008000         rw
*default*        0x00000000         0xffffffff

Linker script and memory map


.text           0x00000000     0x1570
 *start.o(.text)
 *(.text)
 .text          0x00000000      0x11c crt.o
                0x00000000                _start
 .text          0x0000011c      0x4b0 main.o
                0x00000144                start_ms_timer
                0x0000011c                ms_time
                0x00000170                main
 .text          0x000005cc      0x41c video.o
                0x0000072c                video_stop
                0x00000900                fiq_handler
                0x000005cc                video_init
 .text          0x000009e8      0x17c audio.o
                0x000009e8                audio_init
                0x00000a30                audio_fill_buf
                0x00000a00                synth_voice
 .text          0x00000b64      0x2ec system.o
                0x00000e20                UNDEF_Routine
                0x00000b90                led_card_init
                0x00000bec                led_card
                0x00000e1c                SWI_Routine
                0x00000e18                FIQ_Routine
                0x00000ce8                get_char
                0x00000b64                led_board_init
                0x00000c1c                delay_ms
                0x00000c88                delay_ticks
                0x00000d04                feed
                0x00000e14                IRQ_Routine
                0x00000df4                enableIRQ
                0x00000bbc                led_board
                0x00000e04                disableIRQ
                0x00000d20                Initialize
 .text          0x00000e50      0x720 graphics.o
                0x00000ea8                fill_screen
                0x000010c8                put_char_arial24
                0x00000f3c                draw_square
                0x00000f90                rgb
                0x00001338                line
                0x00001424                circle
                0x000012a8                put_char_small
                0x00000e50                put_pixel
                0x000011b8                put_char_arial16
                0x00000ea4                get_pixel
                0x00000ef8                invert_screen
                0x00000fd8                put_char_arial32
 *(.glue_7t)
 *(.glue_7)
                0x00001570                . = ALIGN (0x4)

.rodata         0x00001570     0x2eee
 *(.rodata)
 .rodata        0x00001570      0x200 audio.o
                0x00001570                triTable
                0x00001670                sineTable
 .rodata        0x00001770     0x2cee graphics.o
                0x0000245a                arial24Width
                0x0000421e                arial32Width
                0x00002b62                arial32
                0x00002b02                arial16Width
                0x0000427e                characters
                0x0000415e                arial32Offset
                0x00002a42                arial16Offset
                0x0000239a                arial24Offset
                0x000024ba                arial16
                0x00001770                arial24
                0x00004460                . = ALIGN (0x4)
                0x00004460                _etext = .
                0x00004460                PROVIDE (etext, .)

.data           0x40000000       0x18 load address 0x00004460
                0x40000000                _data = .
 *(.data)
 .data          0x40000000        0x8 video.o
                0x40000004                syncOn
                0x40000000                syncOff
 .data          0x40000008       0x10 audio.o
                0x40000018                . = ALIGN (0x4)
                0x40000018                _edata = .
                0x40000018                PROVIDE (edata, .)

.bss            0x40000018     0x583c
                0x40000018                _bss = .
 *(.bss)
 .bss           0x40000018     0x5818 video.o
                0x40000830                imageArray
                0x40000024                soundBufW
                0x40000030                soundBuf
                0x40000020                newLine
                0x4000001c                lineCount
                0x40000018                imageVindex
                0x40000028                soundBufR
 .bss           0x40005830       0x24 audio.o
                0x40005850                sample
 *(COMMON)
                0x40005854                . = ALIGN (0x4)
                0x40005854                _ebss = .
                0x40005854                _end = .
                0x40005854                PROVIDE (end, .)

.stab
 *(.stab)

.stabstr
 *(.stabstr)

.stab.excl
 *(.stab.excl)

.stab.exclstr
 *(.stab.exclstr)

.stab.index
 *(.stab.index)

.stab.indexstr
 *(.stab.indexstr)

.comment        0x00000000       0x5a
 *(.comment)
 .comment       0x00000000       0x12 main.o
 .comment       0x00000012       0x12 video.o
 .comment       0x00000024       0x12 audio.o
 .comment       0x00000036       0x12 system.o
 .comment       0x00000048       0x12 graphics.o

.debug
 *(.debug)

.line
 *(.line)

.debug_srcinfo
 *(.debug_srcinfo)

.debug_sfnames
 *(.debug_sfnames)

.debug_aranges  0x00000000       0xa0
 *(.debug_aranges)
 .debug_aranges
                0x00000000       0x20 main.o
 .debug_aranges
                0x00000020       0x20 video.o
 .debug_aranges
                0x00000040       0x20 audio.o
 .debug_aranges
                0x00000060       0x20 system.o
 .debug_aranges
                0x00000080       0x20 graphics.o

.debug_pubnames
                0x00000000      0x3ba
 *(.debug_pubnames)
 .debug_pubnames
                0x00000000       0x3a main.o
 .debug_pubnames
                0x0000003a       0xb9 video.o
 .debug_pubnames
                0x000000f3       0x6a audio.o
 .debug_pubnames
                0x0000015d       0xf3 system.o
 .debug_pubnames
                0x00000250      0x16a graphics.o

.debug_info     0x00000000      0xd40
 *(.debug_info .gnu.linkonce.wi.*)
 .debug_info    0x00000000      0x10f main.o
 .debug_info    0x0000010f      0x160 video.o
 .debug_info    0x0000026f      0x1a7 audio.o
 .debug_info    0x00000416      0x2aa system.o
 .debug_info    0x000006c0      0x680 graphics.o

.debug_abbrev   0x00000000      0x409
 *(.debug_abbrev)
 .debug_abbrev  0x00000000       0x8a main.o
 .debug_abbrev  0x0000008a       0x8d video.o
 .debug_abbrev  0x00000117       0xc7 audio.o
 .debug_abbrev  0x000001de      0x12f system.o
 .debug_abbrev  0x0000030d       0xfc graphics.o

.debug_line     0x00000000      0x45e
 *(.debug_line)
 .debug_line    0x00000000       0xd4 main.o
 .debug_line    0x000000d4       0xed video.o
 .debug_line    0x000001c1       0x76 audio.o
 .debug_line    0x00000237       0xbb system.o
 .debug_line    0x000002f2      0x16c graphics.o

.debug_frame    0x00000000      0x41c
 *(.debug_frame)
 .debug_frame   0x00000000       0x60 main.o
 .debug_frame   0x00000060       0x8c video.o
 .debug_frame   0x000000ec       0x58 audio.o
 .debug_frame   0x00000144      0x130 system.o
 .debug_frame   0x00000274      0x1a8 graphics.o

.debug_str      0x00000000      0x3d1
 *(.debug_str)
 .debug_str     0x00000000       0x9d main.o
                                 0xaa (size before relaxing)
 .debug_str     0x0000009d       0xa6 video.o
                                0x104 (size before relaxing)
 .debug_str     0x00000143       0x77 audio.o
                                0x10a (size before relaxing)
 .debug_str     0x000001ba       0xdc system.o
                                0x164 (size before relaxing)
 .debug_str     0x00000296      0x13b graphics.o
                                0x1e2 (size before relaxing)

.debug_loc
 *(.debug_loc)

.debug_macinfo
 *(.debug_macinfo)

.debug_weaknames
 *(.debug_weaknames)

.debug_funcnames
 *(.debug_funcnames)

.debug_typenames
 *(.debug_typenames)

.debug_varnames
 *(.debug_varnames)
LOAD crt.o
LOAD main.o
LOAD video.o
LOAD audio.o
LOAD system.o
LOAD graphics.o
OUTPUT(main.out elf32-littlearm)
